alafasy 10:1: 2 unused indices for 1 phantom(s); dropped the first
alafasy 2:97: word 10 held 8340 ms against ~853; ended at 1279 ms
alafasy 2:213: word 9 held 9690 ms against ~2305; ended at 3457 ms
alafasy 3:25: word 7 held 8750 ms against ~831; ended at 1246 ms
alafasy 3:36: word 11 held 13060 ms against ~1270; ended at 1906 ms
alafasy 3:135: word 16 held 11390 ms against ~1634; ended at 2451 ms
alafasy 3:147: word 13 held 9670 ms against ~1696; ended at 2544 ms
alafasy 3:191: word 18 held 8240 ms against ~1391; ended at 2086 ms
alafasy 3:195: word 35 held 12300 ms against ~1386; ended at 2078 ms
alafasy 4:3: word 12 held 10930 ms against ~2399; ended at 3598 ms
alafasy 4:7: word 12 held 12970 ms against ~1859; ended at 2789 ms
alafasy 4:35: word 11 held 9480 ms against ~1403; ended at 2105 ms
alafasy 4:43: word 32 held 8540 ms against ~375; ended at 600 ms
alafasy 4:64: word 15 held 8110 ms against ~1536; ended at 2304 ms
alafasy 4:69: word 10 held 8990 ms against ~1442; ended at 2163 ms
alafasy 4:93: word 8 held 8150 ms against ~1104; ended at 1655 ms
alafasy 4:104: word 10 held 8850 ms against ~1194; ended at 1791 ms
alafasy 5:2: word 6 held 9670 ms against ~1855; ended at 2782 ms
alafasy 5:5: word 23 held 8860 ms against ~1145; ended at 1718 ms
alafasy 5:6: word 34 held 9050 ms against ~371; ended at 600 ms
alafasy 5:6: word 59 held 9420 ms against ~1082; ended at 1623 ms
alafasy 5:12: word 32 held 8890 ms against ~1932; ended at 2898 ms
alafasy 5:15: word 13 held 11800 ms against ~1146; ended at 1718 ms
alafasy 6:61: word 14 held 11820 ms against ~1113; ended at 1669 ms
alafasy 6:93: word 32 held 9040 ms against ~1759; ended at 2638 ms
alafasy 6:111: word 17 held 8420 ms against ~963; ended at 1444 ms
alafasy 7:40: word 11 held 8740 ms against ~2094; ended at 3141 ms
alafasy 7:48: word 11 held 8080 ms against ~1210; ended at 1815 ms
alafasy 7:77: word 11 held 8660 ms against ~1353; ended at 2030 ms
alafasy 7:136: word 7 held 8370 ms against ~1119; ended at 1678 ms
alafasy 7:157: word 9 held 8250 ms against ~1636; ended at 2454 ms
alafasy 7:165: word 10 held 10110 ms against ~2067; ended at 3101 ms
alafasy 7:169: word 13 held 8320 ms against ~841; ended at 1262 ms
alafasy 8:2: word 14 held 9190 ms against ~1092; ended at 1639 ms
alafasy 8:41: word 9 held 8730 ms against ~1826; ended at 2739 ms
alafasy 8:41: word 19 held 9450 ms against ~1040; ended at 1560 ms
alafasy 9:48: word 13 held 8660 ms against ~754; ended at 1130 ms
alafasy 9:54: word 11 held 10910 ms against ~1849; ended at 2774 ms
alafasy 9:77: word 12 held 8640 ms against ~1335; ended at 2003 ms
alafasy 9:107: word 8 held 8430 ms against ~1606; ended at 2409 ms
alafasy 10:2: word 14 held 11020 ms against ~2074; ended at 3111 ms
alafasy 10:22: word 20 held 8060 ms against ~1692; ended at 2538 ms
alafasy 10:22: word 34 held 8370 ms against ~1152; ended at 1727 ms
alafasy 10:37: word 14 held 8670 ms against ~1198; ended at 1797 ms
alafasy 11:36: word 12 held 10600 ms against ~1081; ended at 1622 ms
alafasy 11:40: word 13 held 10130 ms against ~824; ended at 1236 ms
alafasy 11:52: word 10 held 8120 ms against ~1477; ended at 2215 ms
alafasy 11:53: word 13 held 8170 ms against ~666; ended at 999 ms
alafasy 13:30: word 14 held 12080 ms against ~2294; ended at 3441 ms
alafasy 14:11: word 14 held 11150 ms against ~2357; ended at 3535 ms
alafasy 14:21: word 7 held 9890 ms against ~2460; ended at 3690 ms
alafasy 14:50: word 3 held 8570 ms against ~1648; ended at 2472 ms
alafasy 16:106: word 12 held 10750 ms against ~1707; ended at 2561 ms
alafasy 17:18: word 11 held 11270 ms against ~1203; ended at 1804 ms
alafasy 17:61: word 8 held 9270 ms against ~1161; ended at 1741 ms
alafasy 18:10: word 11 held 8430 ms against ~1194; ended at 1792 ms
alafasy 18:74: word 11 held 8480 ms against ~877; ended at 1315 ms
alafasy 18:109: word 14 held 8310 ms against ~887; ended at 1331 ms
alafasy 19:21: word 10 held 10040 ms against ~1979; ended at 2969 ms
alafasy 19:26: word 14 held 8430 ms against ~958; ended at 1437 ms
alafasy 21:39: word 13 held 10940 ms against ~1580; ended at 2370 ms
alafasy 22:5: word 12 held 9150 ms against ~1844; ended at 2766 ms
alafasy 22:15: word 16 held 8600 ms against ~1150; ended at 1726 ms
alafasy 22:25: word 11 held 9860 ms against ~1270; ended at 1905 ms
alafasy 22:52: word 20 held 8430 ms against ~1811; ended at 2717 ms
alafasy 22:62: word 13 held 8420 ms against ~1538; ended at 2306 ms
alafasy 23:109: word 10 held 8740 ms against ~826; ended at 1238 ms
alafasy 24:15: word 10 held 8850 ms against ~1302; ended at 1953 ms
alafasy 24:39: word 9 held 8230 ms against ~1032; ended at 1547 ms
alafasy 24:39: word 14 held 9350 ms against ~2087; ended at 3130 ms
alafasy 25:2: word 14 held 9720 ms against ~1121; ended at 1682 ms
alafasy 27:36: word 12 held 14610 ms against ~2103; ended at 3154 ms
alafasy 28:9: word 15 held 10340 ms against ~793; ended at 1190 ms
alafasy 28:32: word 8 held 8610 ms against ~711; ended at 1067 ms
alafasy 28:46: word 16 held 9990 ms against ~1641; ended at 2462 ms
alafasy 28:72: word 17 held 9560 ms against ~1373; ended at 2060 ms
alafasy 28:75: word 12 held 8390 ms against ~1663; ended at 2494 ms
alafasy 29:58: word 8 held 8170 ms against ~1314; ended at 1971 ms
alafasy 33:50: word 33 held 8970 ms against ~1637; ended at 2456 ms
alafasy 34:37: word 19 held 8680 ms against ~1430; ended at 2145 ms
alafasy 34:43: word 13 held 9560 ms against ~1763; ended at 2645 ms
alafasy 35:25: word 10 held 9170 ms against ~1679; ended at 2518 ms
alafasy 39:54: word 10 held 9510 ms against ~1156; ended at 1733 ms
alafasy 39:55: word 12 held 9520 ms against ~1465; ended at 2198 ms
alafasy 39:61: word 8 held 8220 ms against ~1958; ended at 2937 ms
alafasy 40:43: word 16 held 8320 ms against ~389; ended at 600 ms
alafasy 46:17: word 13 held 10740 ms against ~1459; ended at 2189 ms
alafasy 46:30: word 9 held 9440 ms against ~944; ended at 1416 ms
alafasy 50:34: words 3-5 spread to 10380 ms (recording 10423 ms)
alafasy 57:13: word 20 held 9210 ms against ~1749; ended at 2623 ms
alafasy 57:14: word 9 held 9720 ms against ~2192; ended at 3287 ms
alafasy 57:25: word 18 held 11630 ms against ~1952; ended at 2929 ms
alafasy 59:10: word 12 held 13010 ms against ~1777; ended at 2665 ms
alafasy 61:14: word 12 held 9280 ms against ~1961; ended at 2942 ms
alafasy 66:8: word 14 held 8680 ms against ~1715; ended at 2572 ms
alafasy 71:7: word 9 held 8740 ms against ~1417; ended at 2125 ms
alafasy 10:1: hand-timed override (measured from the recording, high confidence)
abdulbasit 2:109: word 17 held 12880 ms against ~915; ended at 1372 ms
abdulbasit 2:123: word 16 held 11160 ms against ~1824; ended at 2735 ms
abdulbasit 2:128: word 13 held 9710 ms against ~2320; ended at 3479 ms
abdulbasit 3:84: word 15 held 16940 ms against ~786; ended at 1178 ms
abdulbasit 4:23: word 23 held 10580 ms against ~1829; ended at 2744 ms
abdulbasit 6:44: word 15 held 10620 ms against ~1424; ended at 2136 ms
abdulbasit 6:60: word 15 held 12060 ms against ~1833; ended at 2749 ms
abdulbasit 6:70: words 14-45 spread to 79860 ms (recording 79856 ms)
abdulbasit 7:38: word 29 held 14990 ms against ~2005; ended at 3008 ms
abdulbasit 7:53: word 23 held 11240 ms against ~711; ended at 1067 ms
abdulbasit 7:146: word 18 held 8450 ms against ~802; ended at 1203 ms
abdulbasit 7:153: word 8 held 12260 ms against ~2630; ended at 3945 ms
abdulbasit 8:31: word 12 held 11450 ms against ~1012; ended at 1518 ms
abdulbasit 9:37: word 13 held 9400 ms against ~695; ended at 1042 ms
abdulbasit 10:24: word 27 held 10870 ms against ~924; ended at 1386 ms
abdulbasit 10:88: word 13 held 13750 ms against ~1079; ended at 1619 ms
abdulbasit 15:5: words 4-7 spread to 7690 ms (recording 7680 ms)
abdulbasit 16:119: word 13 held 11630 ms against ~2370; ended at 3554 ms
abdulbasit 27:60: word 14 held 11370 ms against ~1899; ended at 2848 ms
abdulbasit 27:82: word 6 held 8990 ms against ~778; ended at 1167 ms
abdulbasit 49:7: word 17 held 9220 ms against ~1396; ended at 2093 ms
abdulbasit 49:11: word 13 held 8980 ms against ~2130; ended at 3195 ms
sudais 2:249: word 55 held 8080 ms against ~1643; ended at 2465 ms
sudais 4:93: word 8 held 8050 ms against ~928; ended at 1393 ms
sudais 5:118: word 4 held 11860 ms against ~1348; ended at 2022 ms
sudais 10:90: word 24 held 12860 ms against ~2246; ended at 3368 ms
sudais 11:114: word 11 held 8530 ms against ~2030; ended at 3045 ms
sudais 16:92: word 9 held 9060 ms against ~1855; ended at 2783 ms
sudais 33:36: word 14 held 8370 ms against ~903; ended at 1354 ms
sudais 34:14: word 11 held 8380 ms against ~648; ended at 972 ms
sudais 39:71: word 6 held 8480 ms against ~1390; ended at 2085 ms
sudais 39:72: word 1 held 8880 ms against ~438; ended at 656 ms
sudais 40:47: word 11 held 8200 ms against ~439; ended at 659 ms
sudais 42:25: word 9 held 11360 ms against ~2028; ended at 3042 ms
sudais 57:16: word 9 held 8150 ms against ~705; ended at 1058 ms
sudais 57:21: word 10 held 11190 ms against ~871; ended at 1307 ms
sudais 13:43: hand-timed override (measured from the recording, high confidence)
husary 2:229: word 18 held 12010 ms against ~2010; ended at 3015 ms
husary 2:249: word 19 held 20220 ms against ~3154; ended at 4731 ms
husary 3:39: word 13 held 9240 ms against ~1807; ended at 2711 ms
husary 3:55: word 18 held 14560 ms against ~2016; ended at 3024 ms
husary 3:119: word 13 held 9680 ms against ~1330; ended at 1995 ms
husary 4:60: word 17 held 9450 ms against ~2095; ended at 3142 ms
husary 4:141: word 18 held 14160 ms against ~3175; ended at 4762 ms
husary 5:12: word 27 held 10480 ms against ~1241; ended at 1862 ms
husary 5:24: word 13 held 12520 ms against ~2372; ended at 3559 ms
husary 5:32: word 24 held 12340 ms against ~2966; ended at 4449 ms
husary 6:99: word 14 held 9800 ms against ~1903; ended at 2855 ms
husary 7:11: word 10 held 14240 ms against ~2682; ended at 4023 ms
husary 7:146: word 18 held 9080 ms against ~882; ended at 1323 ms
husary 7:162: word 12 held 9750 ms against ~1151; ended at 1726 ms
husary 8:70: word 17 held 14980 ms against ~2133; ended at 3199 ms
husary 9:24: word 17 held 14720 ms against ~2617; ended at 3926 ms
husary 9:54: word 18 held 9410 ms against ~1062; ended at 1593 ms
husary 10:12: word 18 held 15400 ms against ~1819; ended at 2729 ms
husary 10:22: word 26 held 16700 ms against ~4061; ended at 6092 ms
husary 14:21: word 7 held 14090 ms against ~3208; ended at 4812 ms
husary 16:119: word 13 held 13630 ms against ~2927; ended at 4391 ms
husary 18:14: word 15 held 18920 ms against ~2339; ended at 3509 ms
husary 18:40: word 10 held 10510 ms against ~2200; ended at 3300 ms
husary 23:24: word 20 held 17820 ms against ~3995; ended at 5993 ms
husary 25:3: word 17 held 12110 ms against ~1879; ended at 2819 ms
husary 28:46: word 12 held 13520 ms against ~1037; ended at 1555 ms
husary 30:54: word 15 held 9580 ms against ~846; ended at 1269 ms
husary 39:21: word 16 held 8680 ms against ~1550; ended at 2325 ms
husary 40:47: word 8 held 14670 ms against ~2883; ended at 4324 ms
husary 46:15: word 23 held 8730 ms against ~1937; ended at 2905 ms
husary 59:9: word 15 held 13410 ms against ~2481; ended at 3721 ms
shuraym 4:69: word 13 held 9890 ms against ~1381; ended at 2071 ms
shuraym 7:146: word 29 held 20030 ms against ~1366; ended at 2050 ms
shuraym 12:76: words 1-33 spread to 27706 ms (recording 28029 ms)
shuraym 26:61: word 5 held 8120 ms against ~660; ended at 990 ms
shuraym 69:19: word 2 held 17500 ms against ~287; ended at 600 ms
shuraym 91:14: words 2-7 spread to 7435 ms (recording 7758 ms)
shuraym 78:40: hand-timed override (measured from the recording, medium confidence)
minshawi 2:76: word 12 held 9370 ms against ~2151; ended at 3227 ms
minshawi 3:55: word 18 held 9820 ms against ~1215; ended at 1822 ms
minshawi 3:79: word 14 held 9480 ms against ~926; ended at 1389 ms
minshawi 4:23: word 23 held 9020 ms against ~1814; ended at 2722 ms
minshawi 4:47: word 10 held 10160 ms against ~1655; ended at 2483 ms
minshawi 4:65: word 15 held 9060 ms against ~737; ended at 1106 ms
minshawi 4:90: word 15 held 8270 ms against ~374; ended at 600 ms
minshawi 4:141: word 18 held 9690 ms against ~1984; ended at 2976 ms
minshawi 5:12: word 27 held 8220 ms against ~1095; ended at 1643 ms
minshawi 5:57: word 10 held 10300 ms against ~1631; ended at 2447 ms
minshawi 5:106: word 35 held 8060 ms against ~1139; ended at 1709 ms
minshawi 8:42: word 21 held 9830 ms against ~1952; ended at 2928 ms
minshawi 11:78: word 22 held 9990 ms against ~2022; ended at 3033 ms
minshawi 18:31: word 20 held 12620 ms against ~2783; ended at 4174 ms
minshawi 20:10: word 9 held 10540 ms against ~774; ended at 1160 ms
minshawi 20:87: word 8 held 10130 ms against ~1134; ended at 1702 ms
minshawi 25:3: word 17 held 8510 ms against ~1280; ended at 1920 ms
minshawi 27:18: word 12 held 11170 ms against ~1928; ended at 2892 ms
minshawi 42:13: word 17 held 14280 ms against ~1594; ended at 2391 ms
minshawi 46:14: words 6-9 spread to 12230 ms (recording 12251 ms)
minshawi 56:52: words 4-5 spread to 7630 ms (recording 7654 ms)
minshawi 81:21: words 1-3 spread to 5260 ms (recording 5277 ms)
minshawi 15:1: hand-timed override (measured from the recording, high confidence)
shatri 2:24: word 10 held 8590 ms against ~1407; ended at 2111 ms
shatri 2:136: word 11 held 8860 ms against ~1559; ended at 2338 ms
shatri 2:234: word 20 held 9350 ms against ~2263; ended at 3395 ms
shatri 3:152: word 18 held 15380 ms against ~1482; ended at 2223 ms
shatri 3:183: word 23 held 10550 ms against ~972; ended at 1459 ms
shatri 3:195: word 8 held 9000 ms against ~1447; ended at 2170 ms
shatri 4:56: word 15 held 10460 ms against ~2301; ended at 3452 ms
shatri 5:3: word 50 held 12010 ms against ~1255; ended at 1883 ms
shatri 6:19: word 36 held 8590 ms against ~1256; ended at 1883 ms
shatri 6:78: word 16 held 8170 ms against ~1332; ended at 1999 ms
shatri 6:80: word 5 held 9980 ms against ~331; ended at 600 ms
shatri 7:71: word 17 held 10680 ms against ~747; ended at 1121 ms
shatri 8:70: word 21 held 10240 ms against ~1139; ended at 1709 ms
shatri 10:25: word 5 held 11550 ms against ~1376; ended at 2064 ms
shatri 10:26: word 3 held 9100 ms against ~1587; ended at 2381 ms
shatri 10:26: word 4 held 21870 ms against ~3037; ended at 4555 ms
shatri 10:26: word 6 held 19750 ms against ~1389; ended at 2083 ms
shatri 10:62: word 7 held 11380 ms against ~986; ended at 1479 ms
shatri 11:14: word 7 held 8210 ms against ~706; ended at 1059 ms
shatri 12:100: word 34 held 11360 ms against ~1781; ended at 2671 ms
shatri 16:27: word 9 held 19070 ms against ~1502; ended at 2252 ms
shatri 18:53: word 6 held 10130 ms against ~1687; ended at 2531 ms
shatri 20:124: word 8 held 8380 ms against ~1557; ended at 2335 ms
shatri 22:52: word 22 held 21940 ms against ~1035; ended at 1552 ms
shatri 24:16: word 10 held 8740 ms against ~1343; ended at 2015 ms
shatri 28:23: word 10 held 8030 ms against ~1401; ended at 2102 ms
shatri 31:32: word 15 held 8160 ms against ~1366; ended at 2049 ms
shatri 37:66: word 1 held 20148 ms against ~1367; ended at 2050 ms
shatri 37:66: word 2 held 17879 ms against ~1213; ended at 1820 ms
shatri 37:66: word 3 held 10007 ms against ~679; ended at 1018 ms
shatri 37:66: word 4 held 18680 ms against ~1267; ended at 1901 ms
shatri 37:66: word 6 held 16812 ms against ~1141; ended at 1711 ms
shatri 40:5: word 12 held 10620 ms against ~2188; ended at 3283 ms
shatri 43:23: word 16 held 9170 ms against ~458; ended at 687 ms
shatri 43:77: word 8 held 15710 ms against ~1651; ended at 2476 ms
shatri 46:31: word 8 held 15440 ms against ~1124; ended at 1686 ms
shatri 50:28: word 1 held 12330 ms against ~586; ended at 879 ms
shatri 65:12: word 18 held 8880 ms against ~1582; ended at 2374 ms
shatri 74:31: word 33 held 8440 ms against ~1503; ended at 2255 ms
shatri 37:66: hand-timed override (the recording repeats the ayah; ayah-level light only)
shatri 37:67: hand-timed override (the recording repeats the ayah; ayah-level light only)
shatri 44:2: hand-timed override (measured from the recording, medium confidence)
shatri 44:5: hand-timed override (measured from the recording, medium confidence)
shatri 44:6: hand-timed override (measured from the recording, medium confidence)
shatri 44:7: hand-timed override (measured from the recording, high confidence)
shatri 36:1: hand-timed override (measured from the recording, high confidence)
rifai 2:110: word 12 held 11260 ms against ~1774; ended at 2661 ms
rifai 2:145: word 28 held 9770 ms against ~853; ended at 1279 ms
rifai 2:249: word 47 held 8120 ms against ~768; ended at 1152 ms
rifai 2:264: word 8 held 8270 ms against ~973; ended at 1459 ms
rifai 3:188: word 17 held 9470 ms against ~2146; ended at 3219 ms
rifai 4:140: word 14 held 8610 ms against ~605; ended at 907 ms
rifai 5:17: word 24 held 8730 ms against ~1943; ended at 2914 ms
rifai 6:27: word 13 held 9630 ms against ~1122; ended at 1684 ms
rifai 6:53: word 11 held 9770 ms against ~1720; ended at 2579 ms
rifai 7:17: word 5 held 8480 ms against ~1120; ended at 1680 ms
rifai 7:156: word 24 held 11560 ms against ~1273; ended at 1909 ms
rifai 7:169: word 6 held 9510 ms against ~1082; ended at 1624 ms
rifai 8:11: word 19 held 11450 ms against ~2018; ended at 3028 ms
rifai 8:36: word 8 held 20780 ms against ~904; ended at 1356 ms
rifai 9:37: word 13 held 10670 ms against ~696; ended at 1044 ms
rifai 9:69: word 20 held 8820 ms against ~1564; ended at 2346 ms
rifai 10:21: word 4 held 10600 ms against ~1454; ended at 2180 ms
rifai 10:68: word 19 held 8410 ms against ~1870; ended at 2805 ms
rifai 10:83: word 7 held 8940 ms against ~879; ended at 1318 ms
rifai 11:52: word 6 held 8620 ms against ~762; ended at 1143 ms
rifai 11:123: word 8 held 9320 ms against ~1058; ended at 1587 ms
rifai 17:68: word 9 held 9890 ms against ~1083; ended at 1624 ms
rifai 18:31: word 20 held 11350 ms against ~2249; ended at 3374 ms
rifai 18:53: word 6 held 9990 ms against ~1676; ended at 2514 ms
rifai 20:108: word 9 held 8060 ms against ~1493; ended at 2240 ms
rifai 24:47: word 4 held 8750 ms against ~1393; ended at 2089 ms
rifai 25:31: word 7 held 11910 ms against ~2435; ended at 3653 ms
rifai 27:24: word 7 held 9730 ms against ~900; ended at 1350 ms
rifai 35:37: word 6 held 8050 ms against ~763; ended at 1144 ms
rifai 39:16: word 6 held 8140 ms against ~1538; ended at 2307 ms
rifai 40:83: word 9 held 14500 ms against ~1080; ended at 1619 ms
rifai 45:5: word 10 held 11070 ms against ~1330; ended at 1994 ms
rifai 61:14: word 17 held 8590 ms against ~501; ended at 752 ms
